Renesas Optimizing Linker (W3.05.00 )             27-Nov-2023 13:56:21

*** Options ***

-MAKEUD=DefaultBuild\motor_sample.lk.ud
-subcommand=DefaultBuild\motor_sample.clnk
-library=DefaultBuild\motor_sample.lib
-input=DefaultBuild\dbsct.obj
-input=DefaultBuild\intprg.obj
-input=DefaultBuild\main.obj
-input=DefaultBuild\mtr_3im_less_foc.obj
-input=DefaultBuild\mtr_interrupt.obj
-input=DefaultBuild\r_init_clock.obj
-input=DefaultBuild\resetprg.obj
-input=DefaultBuild\sbrk.obj
-input=DefaultBuild\vecttbl.obj
-input=DefaultBuild\mtr_ctrl_rx13t48.obj
-input=DefaultBuild\mtr_ctrl_rx13t48_t1102.obj
-input=DefaultBuild\mtr_ctrl_t1102.obj
-library=..\ics\ICS2_RX13T.lib
-noprelink
-output=DefaultBuild\motor_sample.abs
-map=DefaultBuild\1st\motor_sample.bls
-list=DefaultBuild\motor_sample.map
-show=symbol,xreference,total_size,vector
-nooptimize
-start=SU,SI,B_1,R_1,B_2,R_2,B,R/00000004,BDTCTABLE/00002000,BEnd_of_RAM/00002FFC,PResetPRG,C_1,C_2,C,C$*,D*,W*,L,PIntPRG,P/FFFE0000,FIXEDVECT/FFFFFFD0
-rom=D=R,D_1=R_1,D_2=R_2
-stack
-total_size
-nologo
-end

*** Error information ***

*** Mapping List ***

SECTION                            START      END         SIZE   ALIGN
SU
                                  00000004  00000103       100   4
SI
                                  00000104  00000403       300   4
B_1
                                  00000404  00000424        21   1
R_1
                                  00000425  00000429         5   1
B_2
                                  0000042a  00000455        2c   2
R_2
                                  00000456  00000457         2   2
B
                                  00000458  00000b3f       6e8   4
R
                                  00000b40  00000baf        70   4
BDTCTABLE
                                  00002000  000023ff       400   4
BEnd_of_RAM
                                  00002ffc  00002fff         4   4
PResetPRG
                                  fffe0000  fffe0028        29   1
C_1
                                  fffe0029  fffe0034         c   1
C_2
                                  fffe0035  fffe0035         0   1
C
                                  fffe0038  fffe00b7        80   4
C$DSEC
                                  fffe00b8  fffe00db        24   4
C$BSEC
                                  fffe00dc  fffe00f3        18   4
C$INIT
                                  fffe00f4  fffe00f4         0   1
C$VECT
                                  fffe00f4  fffe04f3       400   4
C$VTBL
                                  fffe04f4  fffe04f4         0   1
D
                                  fffe04f4  fffe0563        70   4
D_1
                                  fffe0564  fffe0568         5   1
D_2
                                  fffe056a  fffe056b         2   2
W
                                  fffe056c  fffe056c         0   4
W_1
                                  fffe056c  fffe056c         0   1
W_2
                                  fffe056c  fffe0583        18   2
L
                                  fffe0584  fffe0584         0   1
PIntPRG
                                  fffe0584  fffe063a        b7   1
P
                                  fffe063b  fffe2e3a      2800   1
$ADDR_C_FFFFFF80
                                  ffffff80  ffffff83         4   1
$ADDR_C_FFFFFF88
                                  ffffff88  ffffff8b         4   1
$ADDR_C_FFFFFFA0
                                  ffffffa0  ffffffaf        10   1
FIXEDVECT
                                  ffffffd0  ffffffff        30   4

*** Total Section Size ***

RAMDATA SECTION:  00000fb0 Byte(s)
ROMDATA SECTION:  0000059f Byte(s)
PROGRAM SECTION:  000028e0 Byte(s)

*** Symbol List ***

SECTION=
FILE=                               START        END    SIZE
  SYMBOL                            ADDR        SIZE    INFO      COUNTS  OPT

SECTION=SU
FILE=DefaultBuild\resetprg.obj
                                  00000004  00000103       100

SECTION=SI
FILE=DefaultBuild\resetprg.obj
                                  00000104  00000403       300

SECTION=B_1
FILE=DefaultBuild\main.obj
                                  00000404  00000406         3
  _g_u1_motor_status
                                  00000404         1   data ,g         * 
  _g_u1_drive_sw_state
                                  00000405         1   data ,g         * 
  _g_u1_err_reset_sw_state
                                  00000406         1   data ,g         * 
FILE=DefaultBuild\mtr_3im_less_foc.obj
                                  00000407  00000410         a
  _g_u1_mode_system
                                  00000407         1   data ,g         * 
  _g_u1_error_status
                                  00000408         1   data ,g         * 
  _g_u1_cnt_ics
                                  00000409         1   data ,g         * 
  _g_u1_direction
                                  0000040a         1   data ,g         * 
  _g_u1_enable_write
                                  0000040b         1   data ,g         * 
  _g_u1_flag_id_ref
                                  0000040c         1   data ,g         * 
  _g_u1_dir_buff
                                  0000040d         1   data ,g         * 
  _g_u1_flag_iq_ref
                                  0000040e         1   data ,g         * 
  _g_u1_flag_offset_calc
                                  0000040f         1   data ,g         * 
  _g_u1_flag_speed_ref
                                  00000410         1   data ,g         * 
FILE=ICS2_RX13T
                                  00000411  00000424        14
  _ics_wbuf
                                  00000411        12   data ,l         * 
  _ics_rsum
                                  00000423         1   data ,l         * 
  _ics_rcom
                                  00000424         1   data ,l         * 

SECTION=R_1
FILE=ICS2_RX13T
                                  00000425  00000429         5
  _ics_rx_cnt
                                  00000425         1   data ,l         * 
  _ics_even
                                  00000426         1   data ,l         * 
  _ics_port
                                  00000427         1   data ,l         * 
  _ics_port_h4
                                  00000428         1   data ,l         * 
  _ics_tmode
                                  00000429         1   data ,l         * 

SECTION=B_2
FILE=DefaultBuild\main.obj
                                  0000042a  0000043b        12
  _com_s2_mode_system
                                  0000042a         2   data ,g         * 
  _g_s2_mode_system
                                  0000042c         2   data ,g         * 
  _com_s2_direction
                                  0000042e         2   data ,g         * 
  _com_s2_ref_speed_rpm
                                  00000430         2   data ,g         * 
  _com_s2_max_speed_rpm
                                  00000432         2   data ,g         * 
  _com_s2_min_speed_rpm
                                  00000434         2   data ,g         * 
  _com_s2_enable_write
                                  00000436         2   data ,g         * 
  _g_s2_enable_write
                                  00000438         2   data ,g         * 
  _g_s2_ref_speed_rpm
                                  0000043a         2   data ,g         * 
FILE=DefaultBuild\mtr_3im_less_foc.obj
                                  0000043c  00000443         8
  _g_u2_run_mode
                                  0000043c         2   data ,g         * 
  _g_u2_ctrl_mode
                                  0000043e         2   data ,g         * 
  _g_u2_cnt_adjust
                                  00000440         2   data ,g         * 
  _g_u2_cnt_id_const
                                  00000442         2   data ,g         * 
FILE=ICS2_RX13T
                                  00000444  00000455        12
  _ics_tx
                                  00000444        12   data ,l         * 

SECTION=R_2
FILE=ICS2_RX13T
                                  00000456  00000457         2
  _ics_wready
                                  00000456         2   data ,l         * 

SECTION=B
FILE=DefaultBuild\main.obj
                                  00000458  0000050b        b4
  _com_f4_kp_speed
                                  00000458         4   data ,g         * 
  _com_f4_ki_speed
                                  0000045c         4   data ,g         * 
  _com_f4_kp_iq
                                  00000460         4   data ,g         * 
  _com_f4_ki_iq
                                  00000464         4   data ,g         * 
  _com_f4_speed_lpf_k
                                  00000468         4   data ,g         * 
  _com_f4_current_lpf_k
                                  0000046c         4   data ,g         * 
  _com_f4_mtr_rs
                                  00000470         4   data ,g         * 
  _com_f4_mtr_rr
                                  00000474         4   data ,g         * 
  _com_f4_mtr_m
                                  00000478         4   data ,g         * 
  _com_f4_mtr_lls
                                  0000047c         4   data ,g         * 
  _com_f4_mtr_llr
                                  00000480         4   data ,g         * 
  _com_f4_offset_lpf_k
                                  00000484         4   data ,g         * 
  _com_f4_ctrl_ref_id
                                  00000488         4   data ,g         * 
  _com_f4_boot_id_up_time
                                  0000048c         4   data ,g         * 
  _com_f4_id_const_time
                                  00000490         4   data ,g         * 
  _com_f4_accel
                                  00000494         4   data ,g         * 
  _com_f4_fluctuation_limit
                                  00000498         4   data ,g         * 
  _com_f4_offset_calc_time
                                  0000049c         4   data ,g         * 
  _com_f4_delay
                                  000004a0         4   data ,g         * 
  _com_f4_voltage_drop
                                  000004a4         4   data ,g         * 
  _com_f4_voltage_drop_k
                                  000004a8         4   data ,g         * 
  _ics_input
                                  000004ac        5c   data ,g         * 
  _g_f4_ref_speed_ad
                                  00000508         4   data ,g         * 
FILE=DefaultBuild\mtr_3im_less_foc.obj
                                  0000050c  000006d3       1c8
  _g_f4_vdc_ad
                                  0000050c         4   data ,g         * 
  _g_f4_vd_ref
                                  00000510         4   data ,g         * 
  _g_f4_vq_ref
                                  00000514         4   data ,g         * 
  _g_f4_iu_ad
                                  00000518         4   data ,g         * 
  _g_f4_pre_iu_ad
                                  0000051c         4   data ,g         * 
  _g_f4_iv_ad
                                  00000520         4   data ,g         * 
  _g_f4_pre_iv_ad
                                  00000524         4   data ,g         * 
  _g_f4_iw_ad
                                  00000528         4   data ,g         * 
  _g_f4_pre_iw_ad
                                  0000052c         4   data ,g         * 
  _g_f4_offset_iu
                                  00000530         4   data ,g         * 
  _g_f4_offset_iv
                                  00000534         4   data ,g         * 
  _g_f4_offset_iw
                                  00000538         4   data ,g         * 
  _g_f4_id_lpf
                                  0000053c         4   data ,g         * 
  _g_f4_iq_lpf
                                  00000540         4   data ,g         * 
  _g_f4_pre_id_lpf
                                  00000544         4   data ,g         * 
  _g_f4_pre_iq_lpf
                                  00000548         4   data ,g         * 
  _g_f4_kp_id
                                  0000054c         4   data ,g         * 
  _g_f4_ki_id
                                  00000550         4   data ,g         * 
  _g_f4_lim_id
                                  00000554         4   data ,g         * 
  _g_f4_ilim_id
                                  00000558         4   data ,g         * 
  _g_f4_kp_iq
                                  0000055c         4   data ,g         * 
  _g_f4_ki_iq
                                  00000560         4   data ,g         * 
  _g_f4_lim_rotor_speed_rad
                                  00000564         4   data ,g         * 
  _g_f4_ilim_rotor_speed_rad
                                  00000568         4   data ,g         * 
  _g_f4_id_ref
                                  0000056c         4   data ,g         * 
  _g_f4_id_ref2
                                  00000570         4   data ,g         * 
  _g_f4_iq_ref
                                  00000574         4   data ,g         * 
  _g_f4_ref_stator_speed_rad
                                  00000578         4   data ,g         * 
  _g_f4_slip_speed_rad
                                  0000057c         4   data ,g         * 
  _g_f4_slip_k
                                  00000580         4   data ,g         * 
  _g_f4_speed_rad
                                  00000584         4   data ,g         * 
  _g_f4_ref_speed_rad_pi
                                  00000588         4   data ,g         * 
  _g_f4_ref_speed_rad
                                  0000058c         4   data ,g         * 
  _g_f4_angle_rad
                                  00000590         4   data ,g         * 
  _g_f4_refu
                                  00000594         4   data ,g         * 
  _g_f4_refv
                                  00000598         4   data ,g         * 
  _g_f4_refw
                                  0000059c         4   data ,g         * 
  _g_f4_inv_limit
                                  000005a0         4   data ,g         * 
  _g_f4_speed_lpf_k
                                  000005a4         4   data ,g         * 
  _g_f4_current_lpf_k
                                  000005a8         4   data ,g         * 
  _g_f4_offset_lpf_k
                                  000005ac         4   data ,g         * 
  _g_f4_temp_speed_rad
                                  000005b0         4   data ,g         * 
  _g_f4_temp_ref_speed_rad
                                  000005b4         4   data ,g         * 
  _g_f4_angle_compensation
                                  000005b8         4   data ,g         * 
  _g_f4_offset_calc_time
                                  000005bc         4   data ,g         * 
  _g_f4_voltage_drop
                                  000005c0         4   data ,g         * 
  _g_f4_voltage_drop_k
                                  000005c4         4   data ,g         * 
  _g_f4_modu
                                  000005c8         4   data ,g         * 
  _g_f4_modv
                                  000005cc         4   data ,g         * 
  _g_f4_modw
                                  000005d0         4   data ,g         * 
  _rotor_speed
                                  000005d4        18   data ,g         * 
  _id_ACR
                                  000005ec        18   data ,g         * 
  _mtr_p
                                  00000604        24   data ,g         * 
  _g_f4_kp_speed
                                  00000628         4   data ,g         * 
  _g_f4_ki_speed
                                  0000062c         4   data ,g         * 
  _g_f4_lim_iq
                                  00000630         4   data ,g         * 
  _g_f4_ilim_iq
                                  00000634         4   data ,g         * 
  _g_f4_max_speed_rad
                                  00000638         4   data ,g         * 
  _g_f4_min_speed_rad
                                  0000063c         4   data ,g         * 
  _g_f4_id_ref_buff
                                  00000640         4   data ,g         * 
  _g_f4_iq_ref_buff
                                  00000644         4   data ,g         * 
  _g_f4_boot_id_up_step
                                  00000648         4   data ,g         * 
  _g_f4_fluctuation_limit
                                  0000064c         4   data ,g         * 
  _g_f4_ctrl_ref_id
                                  00000650         4   data ,g         * 
  _g_f4_id_const_time
                                  00000654         4   data ,g         * 
  _g_f4_accel
                                  00000658         4   data ,g         * 
  _g_f4_ipm_temperature_ad
                                  0000065c         4   data ,g         * 
  _speed
                                  00000660        18   data ,g         * 
  _ics_input_buff
                                  00000678        5c   data ,g         * 
FILE=DefaultBuild\sbrk.obj
                                  000006d4  00000ad3       400
  _heap_area
                                  000006d4       400   data ,l         * 
FILE=ICS2_RX13T
                                  00000ad4  00000b3b        68
  _ics_waddr
                                  00000ad4        30   data ,l         * 
  _ics_buf2nd
                                  00000b04        20   data ,l         * 
  _ics_data1
                                  00000b24         4   data ,l         * 
  _ics_data2
                                  00000b28         4   data ,l         * 
  _ics_dtc_tx
                                  00000b2c        10   data ,l         * 
FILE=_errno
                                  00000b3c  00000b3f         4
  __errno
                                  00000b3c         4   data ,g         * 

SECTION=R
FILE=DefaultBuild\mtr_3im_less_foc.obj
                                  00000b40  00000b6f        30
  _gp_u1_def_action
                                  00000b40        30   data ,l         * 
FILE=DefaultBuild\sbrk.obj
                                  00000b70  00000b73         4
  _brk
                                  00000b70         4   data ,l         * 
FILE=sincosfsub
                                  00000b74  00000baf        3c
  _sinf_coeff
                                  00000b74        10   data ,l         * 
  _cosf_coeff
                                  00000b84        10   data ,l         * 
  _pi4ptr_table
                                  00000b94         c   data ,l         * 
  _sub_table
                                  00000ba0        10   data ,l         * 

SECTION=BDTCTABLE
FILE=DefaultBuild\main.obj
                                  00002000  000023ff       400
  _dtc_table
                                  00002000       400   data ,g         * 

SECTION=BEnd_of_RAM
FILE=DefaultBuild\main.obj
                                  00002ffc  00002fff         4
  _dummy_ram
                                  00002ffc         4   data ,g         * 

SECTION=PResetPRG
FILE=DefaultBuild\resetprg.obj
                                  fffe0000  fffe0028        29
  _PowerON_Reset_PC
                                  fffe0000        29   entry,g         * 

SECTION=C_1
FILE=DefaultBuild\mtr_3im_less_foc.obj
                                  fffe0029  fffe0034         c
  _g_u1_def_state
                                  fffe0029         c   data ,l         * 

SECTION=C
FILE=DefaultBuild\dbsct.obj
                                  fffe0038  fffe006b        34
  __CTBL
                                  fffe0038        34   data ,g         * 
FILE=floatval
                                  fffe006c  fffe0093        28
  __FLT_MAX_VAL
                                  fffe006c         0   none ,g         * 
  __FLT_MIN_VAL
                                  fffe0070         0   none ,g         * 
  __DBL_MAX_VAL
                                  fffe0074         0   none ,g         * 
  __DBL_MIN_VAL
                                  fffe007c         0   none ,g         * 
  __LDBL_MAX_VAL
                                  fffe0084         0   none ,g         * 
  __LDBL_MIN_VAL
                                  fffe008c         0   none ,g         * 
FILE=_const
                                  fffe0094  fffe00b7        24
  __IFNAND
                                  fffe0094         0   none ,g         * 
  __IFINFD
                                  fffe009c         0   none ,g         * 
  __NIFINFD
                                  fffe00a4         0   none ,g         * 
  __IFNANS
                                  fffe00ac         0   none ,g         * 
  __IFINFS
                                  fffe00b0         0   none ,g         * 
  __NIFINFS
                                  fffe00b4         0   none ,g         * 

SECTION=C$DSEC
FILE=DefaultBuild\dbsct.obj
                                  fffe00b8  fffe00db        24
  __DTBL
                                  fffe00b8        24   data ,g         * 

SECTION=C$BSEC
FILE=DefaultBuild\dbsct.obj
                                  fffe00dc  fffe00f3        18
  __BTBL
                                  fffe00dc        18   data ,g         * 

SECTION=C$VECT
FILE=DefaultBuild\dbsct.obj
                                  fffe00f4  fffe04f3       400

SECTION=D
FILE=DefaultBuild\mtr_3im_less_foc.obj
                                  fffe04f4  fffe0523        30
FILE=DefaultBuild\sbrk.obj
                                  fffe0524  fffe0527         4
FILE=sincosfsub
                                  fffe0528  fffe0563        3c

SECTION=D_1
FILE=ICS2_RX13T
                                  fffe0564  fffe0568         5

SECTION=D_2
FILE=ICS2_RX13T
                                  fffe056a  fffe056b         2

SECTION=W_2
FILE=ICS2_RX13T
                                  fffe056c  fffe0583        18

SECTION=PIntPRG
FILE=DefaultBuild\intprg.obj
                                  fffe0584  fffe063a        b7
  _Excep_SuperVisorInst
                                  fffe0584         2   func ,g         * 
  _Excep_UndefinedInst
                                  fffe0586         2   func ,g         * 
  _Excep_FloatingPoint
                                  fffe0588         2   func ,g         * 
  _NonMaskableInterrupt
                                  fffe058a         2   func ,g         * 
  _Dummy
                                  fffe058c         2   func ,g         * 
  _Excep_BRK
                                  fffe058e         4   func ,g         * 
  _Excep_BSC_BUSERR
                                  fffe0592         2   func ,g         * 
  _Excep_FCU_FRDYI
                                  fffe0594         2   func ,g         * 
  _Excep_ICU_SWINT
                                  fffe0596         2   func ,g         * 
  _Excep_CMT0_CMI0
                                  fffe0598         1   func ,g         * 
  _Excep_CMT1_CMI1
                                  fffe0599         2   func ,g         * 
  _Excep_CAC_FERRF
                                  fffe059b         2   func ,g         * 
  _Excep_CAC_MENDF
                                  fffe059d         2   func ,g         * 
  _Excep_CAC_OVFF
                                  fffe059f         2   func ,g         * 
  _Excep_DOC_DOPCF
                                  fffe05a1         2   func ,g         * 
  _Excep_ICU_IRQ0
                                  fffe05a3         2   func ,g         * 
  _Excep_ICU_IRQ1
                                  fffe05a5         2   func ,g         * 
  _Excep_ICU_IRQ2
                                  fffe05a7         2   func ,g         * 
  _Excep_ICU_IRQ3
                                  fffe05a9         2   func ,g         * 
  _Excep_ICU_IRQ4
                                  fffe05ab         2   func ,g         * 
  _Excep_ICU_IRQ5
                                  fffe05ad         2   func ,g         * 
  _Excep_LVD_LVD1
                                  fffe05af         2   func ,g         * 
  _Excep_LVD_LVD2
                                  fffe05b1         2   func ,g         * 
  _Excep_S12AD_S12ADI
                                  fffe05b3         2   func ,g         * 
  _Excep_S12AD_GBADI
                                  fffe05b5         2   func ,g         * 
  _Excep_S12AD_GCADI
                                  fffe05b7         2   func ,g         * 
  _Excep_CMPC0_CMPC0
                                  fffe05b9         2   func ,g         * 
  _Excep_CMPC1_CMPC1
                                  fffe05bb         2   func ,g         * 
  _Excep_CMPC2_CMPC2
                                  fffe05bd         2   func ,g         * 
  _Excep_MTU0_TGIA0
                                  fffe05bf         2   func ,g         * 
  _Excep_MTU0_TGIB0
                                  fffe05c1         2   func ,g         * 
  _Excep_MTU0_TGIC0
                                  fffe05c3         2   func ,g         * 
  _Excep_MTU0_TGID0
                                  fffe05c5         2   func ,g         * 
  _Excep_MTU0_TCIV0
                                  fffe05c7         2   func ,g         * 
  _Excep_MTU0_TGIE0
                                  fffe05c9         2   func ,g         * 
  _Excep_MTU0_TGIF0
                                  fffe05cb         2   func ,g         * 
  _Excep_MTU1_TGIA1
                                  fffe05cd         2   func ,g         * 
  _Excep_MTU1_TGIB1
                                  fffe05cf         2   func ,g         * 
  _Excep_MTU1_TCIV1
                                  fffe05d1         2   func ,g         * 
  _Excep_MTU1_TCIU1
                                  fffe05d3         2   func ,g         * 
  _Excep_MTU2_TGIA2
                                  fffe05d5         2   func ,g         * 
  _Excep_MTU2_TGIB2
                                  fffe05d7         2   func ,g         * 
  _Excep_MTU2_TCIV2
                                  fffe05d9         2   func ,g         * 
  _Excep_MTU2_TCIU2
                                  fffe05db         2   func ,g         * 
  _Excep_MTU3_TGIA3
                                  fffe05dd         2   func ,g         * 
  _Excep_MTU3_TGIB3
                                  fffe05df         2   func ,g         * 
  _Excep_MTU3_TGIC3
                                  fffe05e1         2   func ,g         * 
  _Excep_MTU3_TGID3
                                  fffe05e3         2   func ,g         * 
  _Excep_MTU3_TCIV3
                                  fffe05e5         2   func ,g         * 
  _Excep_MTU4_TGIA4
                                  fffe05e7         2   func ,g         * 
  _Excep_MTU4_TGIB4
                                  fffe05e9         2   func ,g         * 
  _Excep_MTU4_TGIC4
                                  fffe05eb         2   func ,g         * 
  _Excep_MTU4_TGID4
                                  fffe05ed         2   func ,g         * 
  _Excep_MTU4_TCIV4
                                  fffe05ef         1   func ,g         * 
  _Excep_MTU5_TGIU5
                                  fffe05f0         2   func ,g         * 
  _Excep_MTU5_TGIV5
                                  fffe05f2         2   func ,g         * 
  _Excep_MTU5_TGIW5
                                  fffe05f4         2   func ,g         * 
  _Excep_POE_OEI1
                                  fffe05f6         2   func ,g         * 
  _Excep_POE_OEI3
                                  fffe05f8         2   func ,g         * 
  _Excep_POE_OEI4
                                  fffe05fa         1   func ,g         * 
  _Excep_SCI1_ERI1
                                  fffe05fb         e   func ,g         * 
  _Excep_SCI1_RXI1
                                  fffe0609         e   func ,g         * 
  _Excep_SCI1_TXI1
                                  fffe0617         2   func ,g         * 
  _Excep_SCI1_TEI1
                                  fffe0619         2   func ,g         * 
  _Excep_SCI5_ERI5
                                  fffe061b         2   func ,g         * 
  _Excep_SCI5_RXI5
                                  fffe061d         2   func ,g         * 
  _Excep_SCI5_TXI5
                                  fffe061f         2   func ,g         * 
  _Excep_SCI5_TEI5
                                  fffe0621         2   func ,g         * 
  _Excep_SCI12_ERI12
                                  fffe0623         2   func ,g         * 
  _Excep_SCI12_RXI12
                                  fffe0625         2   func ,g         * 
  _Excep_SCI12_TXI12
                                  fffe0627         2   func ,g         * 
  _Excep_SCI12_TEI12
                                  fffe0629         2   func ,g         * 
  _Excep_SCI12_SCIX0
                                  fffe062b         2   func ,g         * 
  _Excep_SCI12_SCIX1
                                  fffe062d         2   func ,g         * 
  _Excep_SCI12_SCIX2
                                  fffe062f         2   func ,g         * 
  _Excep_SCI12_SCIX3
                                  fffe0631         2   func ,g         * 
  _Excep_RIIC0_EEI0
                                  fffe0633         2   func ,g         * 
  _Excep_RIIC0_RXI0
                                  fffe0635         2   func ,g         * 
  _Excep_RIIC0_TXI0
                                  fffe0637         2   func ,g         * 
  _Excep_RIIC0_TEI0
                                  fffe0639         2   func ,g         * 

SECTION=P
FILE=DefaultBuild\main.obj
                                  fffe063b  fffe09e9       3af
  _main
                                  fffe063b        46   func ,g         * 
  _ics_ui
                                  fffe0681       187   func ,l         * 
  _software_init
                                  fffe0808       1e2   func ,l         * 
FILE=DefaultBuild\mtr_3im_less_foc.obj
                                  fffe09ea  fffe14d6       aed
  _R_MTR_InitSequence
                                  fffe09ea         a   func ,g         * 
  _R_MTR_ExecEvent
                                  fffe09f4        45   func ,g         * 
  _mtr_act_run
                                  fffe0a39        1e   func ,l         * 
  _mtr_act_stop
                                  fffe0a57        14   func ,l         * 
  _mtr_act_none
                                  fffe0a6b         1   func ,l         * 
  _mtr_act_reset
                                  fffe0a6c       391   func ,l         * 
  _mtr_act_error
                                  fffe0dfd        11   func ,l         * 
  _mtr_start_init
                                  fffe0e0e       11c   func ,l         * 
  _mtr_stop_init
                                  fffe0f2a        e4   func ,l         * 
  _mtr_pi_ctrl
                                  fffe100e        45   func ,g         * 
  _mtr_set_variables
                                  fffe1053       16f   func ,g         * 
  _R_MTR_IcsInput
                                  fffe11c2        72   func ,g         * 
  _R_MTR_SetDir
                                  fffe1234         9   func ,g         * 
  _R_MTR_GetSpeed
                                  fffe123d        10   func ,g         * 
  _R_MTR_GetDir
                                  fffe124d         9   func ,g         * 
  _R_MTR_GetStatus
                                  fffe1256         9   func ,g         * 
  _mtr_error_check
                                  fffe125f        9f   func ,g         * 
  _mtr_set_speed_ref
                                  fffe12fe        c1   func ,g         * 
  _mtr_set_iq_ref
                                  fffe13bf        88   func ,g         * 
  _mtr_set_id_ref
                                  fffe1447        67   func ,g         * 
  _mtr_calc_mod
                                  fffe14ae        29   func ,g         * 
FILE=DefaultBuild\mtr_interrupt.obj
                                  fffe14d7  fffe1ad7       601
  _mtr_over_current_interrupt
                                  fffe14d7        1d   func ,l         * 
  _mtr_mtu4_interrupt
                                  fffe14f4       508   func ,l         * 
  _mtr_cmt0_interrupt
                                  fffe19fc        dc   func ,l         * 
FILE=DefaultBuild\r_init_clock.obj
                                  fffe1ad8  fffe1b4e        77
  _R_INIT_Clock
                                  fffe1ad8        32   func ,g         * 
  _CGC_oscillation_main
                                  fffe1b0a        25   func ,g         * 
  _CGC_oscillation_PLL
                                  fffe1b2f        12   func ,g         * 
  _CGC_oscillation_HOCO
                                  fffe1b41         e   func ,g         * 
FILE=DefaultBuild\sbrk.obj
                                  fffe1b4f  fffe1b6f        21
  _sbrk
                                  fffe1b4f        21   func ,g         * 
FILE=DefaultBuild\mtr_ctrl_rx13t48.obj
                                  fffe1b70  fffe1cad       13e
  _R_MTR_InitHardware
                                  fffe1b70        1c   func ,g         * 
  _mtr_init_module
                                  fffe1b8c        2a   func ,g         * 
  _mtr_init_cmt
                                  fffe1bb6        5e   func ,g         * 
  _mtr_init_poe3
                                  fffe1c14        59   func ,g         * 
  _init_wdt
                                  fffe1c6d        25   func ,g         * 
  _clear_wdt
                                  fffe1c92         c   func ,g         * 
  _mtr_clear_oc_flag
                                  fffe1c9e         8   func ,g         * 
  _mtr_clear_cmt0_flag
                                  fffe1ca6         8   func ,g         * 
FILE=DefaultBuild\mtr_ctrl_rx13t48_t1102.obj
                                  fffe1cae  fffe206f       3c2
  _mtr_init_mtu
                                  fffe1cae       123   func ,g         * 
  _mtr_init_io_port
                                  fffe1dd1        81   func ,g         * 
  _mtr_init_ad_converter
                                  fffe1e52        c9   func ,g         * 
  _init_ui
                                  fffe1f1b        48   func ,g         * 
  _mtr_ctrl_start
                                  fffe1f63        2c   func ,g         * 
  _mtr_ctrl_stop
                                  fffe1f8f        2c   func ,g         * 
  _mtr_get_iuiviwvdc
                                  fffe1fbb        28   func ,g         * 
  _mtr_get_ipm_temperature
                                  fffe1fe3         8   func ,g         * 
  _mtr_clear_mtu4_flag
                                  fffe1feb         8   func ,g         * 
  _mtr_inv_set_uvw
                                  fffe1ff3        6d   func ,g         * 
  _mtr_init_register
                                  fffe2060        10   func ,g         * 
FILE=DefaultBuild\mtr_ctrl_t1102.obj
                                  fffe2070  fffe2101        92
  _R_MTR_ChargeCapacitor
                                  fffe2070        40   func ,g         * 
  _ic_gate_on
                                  fffe20b0         8   func ,g         * 
  _led1_on
                                  fffe20b8         8   func ,g         * 
  _led2_on
                                  fffe20c0         8   func ,g         * 
  _led1_off
                                  fffe20c8         8   func ,g         * 
  _led2_off
                                  fffe20d0         8   func ,g         * 
  _get_sw1
                                  fffe20d8         c   func ,g         * 
  _get_sw2
                                  fffe20e4         c   func ,g         * 
  _get_sw3
                                  fffe20f0         a   func ,g         * 
  _get_vr1
                                  fffe20fa         8   func ,g         * 
FILE=cosf
                                  fffe2102  fffe2131        30
  _cosf
                                  fffe2102        30   func ,g         * 
  _cos
                                  fffe2102         0   func ,g         * 
  _cosl
                                  fffe2102         0   func ,g         * 
FILE=sinf
                                  fffe2132  fffe216e        3d
  _sinf
                                  fffe2132        3d   func ,g         * 
  _sin
                                  fffe2132         0   func ,g         * 
  _sinl
                                  fffe2132         0   func ,g         * 
FILE=copysignf
                                  fffe216f  fffe2184        16
  _copysignf
                                  fffe216f        16   func ,g         * 
  _copysign
                                  fffe216f         0   func ,g         * 
  _copysignl
                                  fffe216f         0   func ,g         * 
FILE=__initsct
                                  fffe2185  fffe21ce        4a
  __INITSCT
                                  fffe2185         0   none ,g         * 
  loop1
                                  fffe2197         0   none ,l         * 
  next_loop1
                                  fffe21a5         0   none ,l         * 
  loop3
                                  fffe21b7         0   none ,l         * 
  next_loop3
                                  fffe21c8         0   none ,l         * 
FILE=ICS2_RX13T
                                  fffe21cf  fffe2c4c       a7e
  _ics_send_packet
                                  fffe21cf        5a   func ,l         * 
  _ics_command_ack_word
                                  fffe2229        1b   func ,l         * 
  _ics_command_error
                                  fffe2244        3b   func ,l         * 
  _ics_int_sci_rxi
                                  fffe227f       24a   func ,g         * 
  _ics2_watchpoint
                                  fffe24c9       447   func ,g         * 
  _ics2_init
                                  fffe2910       300   func ,g         * 
  _ics2_version
                                  fffe2c10         6   func ,g         * 
  _ics_int_sci_eri
                                  fffe2c16        37   func ,g         * 
FILE=sincosfsub
                                  fffe2c4d  fffe2d34        e8
  ___poly_sinf
                                  fffe2c4d        31   func ,g         * 
  ___poly_cosf
                                  fffe2c7e        28   func ,g         * 
  _poly_cosfn
                                  fffe2ca6         7   func ,l         * 
  _poly_sinfn
                                  fffe2cad         5   func ,l         * 
  _sincosf_special
                                  fffe2cb2        31   func ,l         * 
  ___internal_sincosf
                                  fffe2ce3        52   func ,g         * 
FILE=fmodf
                                  fffe2d35  fffe2d63        2f
  _fmodf
                                  fffe2d35        2f   func ,g         * 
  _fmod
                                  fffe2d35         0   func ,g         * 
  _fmodl
                                  fffe2d35         0   func ,g         * 
FILE=nanfval
                                  fffe2d64  fffe2d6a         7
  ___nanf_value
                                  fffe2d64         7   func ,g         * 
FILE=_i_fmds
                                  fffe2d6b  fffe2e3a        d0
  __in_fmods
                                  fffe2d6b        d0   func ,g         * 

SECTION=$ADDR_C_FFFFFF80
FILE=DefaultBuild\vecttbl.obj
                                  ffffff80  ffffff83         4
  __MDEreg
                                  ffffff80         4   data ,g         * 

SECTION=$ADDR_C_FFFFFF88
FILE=DefaultBuild\vecttbl.obj
                                  ffffff88  ffffff8b         4
  __OFS1reg
                                  ffffff88         4   data ,g         * 

SECTION=$ADDR_C_FFFFFFA0
FILE=DefaultBuild\vecttbl.obj
                                  ffffffa0  ffffffaf        10
  _id_code
                                  ffffffa0        10   data ,g         * 

SECTION=FIXEDVECT
FILE=DefaultBuild\vecttbl.obj
                                  ffffffd0  ffffffff        30
  _Fixed_Vectors
                                  ffffffd0        30   data ,g         * 

*** Unfilled Areas ***

AREA                                START    END

*** Delete Symbols ***

SYMBOL                                SIZE    INFO

*** Variable Vector Table List ***

NO.    SYMBOL/ADDRESS
  0    _Excep_BRK
  1    
  2    
  3    
  4    
  5    
  6    
  7    
  8    
  9    
 10    
 11    
 12    
 13    
 14    
 15    
 16    _Excep_BSC_BUSERR
 17    
 18    
 19    
 20    
 21    
 22    
 23    _Excep_FCU_FRDYI
 24    
 25    
 26    
 27    _Excep_ICU_SWINT
 28    _mtr_cmt0_interrupt
 29    _Excep_CMT1_CMI1
 30    
 31    
 32    _Excep_CAC_FERRF
 33    _Excep_CAC_MENDF
 34    _Excep_CAC_OVFF
 35    
 36    
 37    
 38    
 39    
 40    
 41    
 42    
 43    
 44    
 45    
 46    
 47    
 48    
 49    
 50    
 51    
 52    
 53    
 54    
 55    
 56    
 57    _Excep_DOC_DOPCF
 58    
 59    
 60    
 61    
 62    
 63    
 64    _Excep_ICU_IRQ0
 65    _Excep_ICU_IRQ1
 66    _Excep_ICU_IRQ2
 67    _Excep_ICU_IRQ3
 68    _Excep_ICU_IRQ4
 69    _Excep_ICU_IRQ5
 70    
 71    
 72    
 73    
 74    
 75    
 76    
 77    
 78    
 79    
 80    
 81    
 82    
 83    
 84    
 85    
 86    
 87    
 88    _Excep_LVD_LVD1
 89    _Excep_LVD_LVD2
 90    
 91    
 92    
 93    
 94    
 95    
 96    
 97    
 98    
 99    
100    
101    
102    _Excep_S12AD_S12ADI
103    _Excep_S12AD_GBADI
104    _Excep_S12AD_GCADI
105    
106    
107    
108    _Excep_CMPC0_CMPC0
109    _Excep_CMPC1_CMPC1
110    _Excep_CMPC2_CMPC2
111    
112    
113    
114    _Excep_MTU0_TGIA0
115    _Excep_MTU0_TGIB0
116    _Excep_MTU0_TGIC0
117    _Excep_MTU0_TGID0
118    _Excep_MTU0_TCIV0
119    _Excep_MTU0_TGIE0
120    _Excep_MTU0_TGIF0
121    _Excep_MTU1_TGIA1
122    _Excep_MTU1_TGIB1
123    _Excep_MTU1_TCIV1
124    _Excep_MTU1_TCIU1
125    _Excep_MTU2_TGIA2
126    _Excep_MTU2_TGIB2
127    _Excep_MTU2_TCIV2
128    _Excep_MTU2_TCIU2
129    _Excep_MTU3_TGIA3
130    _Excep_MTU3_TGIB3
131    _Excep_MTU3_TGIC3
132    _Excep_MTU3_TGID3
133    _Excep_MTU3_TCIV3
134    _Excep_MTU4_TGIA4
135    _Excep_MTU4_TGIB4
136    _Excep_MTU4_TGIC4
137    _Excep_MTU4_TGID4
138    _mtr_mtu4_interrupt
139    _Excep_MTU5_TGIU5
140    _Excep_MTU5_TGIV5
141    _Excep_MTU5_TGIW5
142    
143    
144    
145    
146    
147    
148    
149    
150    
151    
152    
153    
154    
155    
156    
157    
158    
159    
160    
161    
162    
163    
164    
165    
166    
167    
168    _Excep_POE_OEI1
169    
170    _Excep_POE_OEI3
171    _mtr_over_current_interrupt
172    
173    
174    
175    
176    
177    
178    
179    
180    
181    
182    
183    
184    
185    
186    
187    
188    
189    
190    
191    
192    
193    
194    
195    
196    
197    
198    
199    
200    
201    
202    
203    
204    
205    
206    
207    
208    
209    
210    
211    
212    
213    
214    
215    
216    
217    
218    _Excep_SCI1_ERI1
219    _Excep_SCI1_RXI1
220    _Excep_SCI1_TXI1
221    _Excep_SCI1_TEI1
222    _Excep_SCI5_ERI5
223    _Excep_SCI5_RXI5
224    _Excep_SCI5_TXI5
225    _Excep_SCI5_TEI5
226    
227    
228    
229    
230    
231    
232    
233    
234    
235    
236    
237    
238    _Excep_SCI12_ERI12
239    _Excep_SCI12_RXI12
240    _Excep_SCI12_TXI12
241    _Excep_SCI12_TEI12
242    _Excep_SCI12_SCIX0
243    _Excep_SCI12_SCIX1
244    _Excep_SCI12_SCIX2
245    _Excep_SCI12_SCIX3
246    _Excep_RIIC0_EEI0
247    _Excep_RIIC0_RXI0
248    _Excep_RIIC0_TXI0
249    _Excep_RIIC0_TEI0
250    
251    
252    
253    
254    
255    

*** Cross Reference List ***

No   Unit Name   Global.Symbol   Location External Infomation
---- ----------- --------------- -------- ---------------------
0001 dbsct
     SECTION=C
                 __CTBL
                                 fffe0038
     SECTION=C$DSEC
                 __DTBL
                                 fffe00b8
     SECTION=C$BSEC
                 __BTBL
                                 fffe00dc
     SECTION=B
     SECTION=B_1
     SECTION=B_2
     SECTION=C$INIT
     SECTION=C$VECT
     SECTION=C$VTBL
     SECTION=C_1
     SECTION=C_2
     SECTION=D
     SECTION=D_1
     SECTION=D_2
     SECTION=L
     SECTION=R
     SECTION=R_1
     SECTION=R_2
     SECTION=SU
     SECTION=W
     SECTION=W_1
     SECTION=W_2
     SECTION=R
     SECTION=R_1
     SECTION=R_2
0002 intprg
     SECTION=PIntPRG
                 _Excep_SuperVisorInst
                                 fffe0584 0009(ffffffd0:FIXEDVECT)
                 _Excep_UndefinedInst
                                 fffe0586 0009(ffffffdc:FIXEDVECT)
                 _Excep_FloatingPoint
                                 fffe0588 0009(ffffffe4:FIXEDVECT)
                 _NonMaskableInterrupt
                                 fffe058a 0009(fffffff8:FIXEDVECT)
                 _Dummy
                                 fffe058c 0009(ffffffd4:FIXEDVECT)
                                          0009(ffffffd8:FIXEDVECT)
                                          0009(ffffffe0:FIXEDVECT)
                                          0009(ffffffe8:FIXEDVECT)
                                          0009(ffffffec:FIXEDVECT)
                                          0009(fffffff0:FIXEDVECT)
                                          0009(fffffff4:FIXEDVECT)
                 _Excep_BRK
                                 fffe058e
                 _Excep_BSC_BUSERR
                                 fffe0592
                 _Excep_FCU_FRDYI
                                 fffe0594
                 _Excep_ICU_SWINT
                                 fffe0596
                 _Excep_CMT0_CMI0
                                 fffe0598
                 _Excep_CMT1_CMI1
                                 fffe0599
                 _Excep_CAC_FERRF
                                 fffe059b
                 _Excep_CAC_MENDF
                                 fffe059d
                 _Excep_CAC_OVFF
                                 fffe059f
                 _Excep_DOC_DOPCF
                                 fffe05a1
                 _Excep_ICU_IRQ0
                                 fffe05a3
                 _Excep_ICU_IRQ1
                                 fffe05a5
                 _Excep_ICU_IRQ2
                                 fffe05a7
                 _Excep_ICU_IRQ3
                                 fffe05a9
                 _Excep_ICU_IRQ4
                                 fffe05ab
                 _Excep_ICU_IRQ5
                                 fffe05ad
                 _Excep_LVD_LVD1
                                 fffe05af
                 _Excep_LVD_LVD2
                                 fffe05b1
                 _Excep_S12AD_S12ADI
                                 fffe05b3
                 _Excep_S12AD_GBADI
                                 fffe05b5
                 _Excep_S12AD_GCADI
                                 fffe05b7
                 _Excep_CMPC0_CMPC0
                                 fffe05b9
                 _Excep_CMPC1_CMPC1
                                 fffe05bb
                 _Excep_CMPC2_CMPC2
                                 fffe05bd
                 _Excep_MTU0_TGIA0
                                 fffe05bf
                 _Excep_MTU0_TGIB0
                                 fffe05c1
                 _Excep_MTU0_TGIC0
                                 fffe05c3
                 _Excep_MTU0_TGID0
                                 fffe05c5
                 _Excep_MTU0_TCIV0
                                 fffe05c7
                 _Excep_MTU0_TGIE0
                                 fffe05c9
                 _Excep_MTU0_TGIF0
                                 fffe05cb
                 _Excep_MTU1_TGIA1
                                 fffe05cd
                 _Excep_MTU1_TGIB1
                                 fffe05cf
                 _Excep_MTU1_TCIV1
                                 fffe05d1
                 _Excep_MTU1_TCIU1
                                 fffe05d3
                 _Excep_MTU2_TGIA2
                                 fffe05d5
                 _Excep_MTU2_TGIB2
                                 fffe05d7
                 _Excep_MTU2_TCIV2
                                 fffe05d9
                 _Excep_MTU2_TCIU2
                                 fffe05db
                 _Excep_MTU3_TGIA3
                                 fffe05dd
                 _Excep_MTU3_TGIB3
                                 fffe05df
                 _Excep_MTU3_TGIC3
                                 fffe05e1
                 _Excep_MTU3_TGID3
                                 fffe05e3
                 _Excep_MTU3_TCIV3
                                 fffe05e5
                 _Excep_MTU4_TGIA4
                                 fffe05e7
                 _Excep_MTU4_TGIB4
                                 fffe05e9
                 _Excep_MTU4_TGIC4
                                 fffe05eb
                 _Excep_MTU4_TGID4
                                 fffe05ed
                 _Excep_MTU4_TCIV4
                                 fffe05ef
                 _Excep_MTU5_TGIU5
                                 fffe05f0
                 _Excep_MTU5_TGIV5
                                 fffe05f2
                 _Excep_MTU5_TGIW5
                                 fffe05f4
                 _Excep_POE_OEI1
                                 fffe05f6
                 _Excep_POE_OEI3
                                 fffe05f8
                 _Excep_POE_OEI4
                                 fffe05fa
                 _Excep_SCI1_ERI1
                                 fffe05fb
                 _Excep_SCI1_RXI1
                                 fffe0609
                 _Excep_SCI1_TXI1
                                 fffe0617
                 _Excep_SCI1_TEI1
                                 fffe0619
                 _Excep_SCI5_ERI5
                                 fffe061b
                 _Excep_SCI5_RXI5
                                 fffe061d
                 _Excep_SCI5_TXI5
                                 fffe061f
                 _Excep_SCI5_TEI5
                                 fffe0621
                 _Excep_SCI12_ERI12
                                 fffe0623
                 _Excep_SCI12_RXI12
                                 fffe0625
                 _Excep_SCI12_TXI12
                                 fffe0627
                 _Excep_SCI12_TEI12
                                 fffe0629
                 _Excep_SCI12_SCIX0
                                 fffe062b
                 _Excep_SCI12_SCIX1
                                 fffe062d
                 _Excep_SCI12_SCIX2
                                 fffe062f
                 _Excep_SCI12_SCIX3
                                 fffe0631
                 _Excep_RIIC0_EEI0
                                 fffe0633
                 _Excep_RIIC0_RXI0
                                 fffe0635
                 _Excep_RIIC0_TXI0
                                 fffe0637
                 _Excep_RIIC0_TEI0
                                 fffe0639
0003 main
     SECTION=B_1
                 _g_u1_motor_status
                                 00000404 0003(fffe07c0:P)
                                          0003(fffe080c:P)
                 _g_u1_drive_sw_state
                                 00000405 0003(fffe099a:P)
                 _g_u1_err_reset_sw_state
                                 00000406 0003(fffe09a2:P)
     SECTION=B_2
                 _com_s2_mode_system
                                 0000042a 0003(fffe07a0:P)
                                          0003(fffe0814:P)
                 _g_s2_mode_system
                                 0000042c 0003(fffe07a8:P)
                                          0003(fffe081c:P)
                 _com_s2_direction
                                 0000042e 0003(fffe06bb:P)
                                          0003(fffe0824:P)
                 _com_s2_ref_speed_rpm
                                 00000430 0003(fffe0685:P)
                                          0003(fffe082c:P)
                 _com_s2_max_speed_rpm
                                 00000432 0003(fffe068b:P)
                                          0003(fffe08ca:P)
                 _com_s2_min_speed_rpm
                                 00000434 0003(fffe08d4:P)
                 _com_s2_enable_write
                                 00000436 0003(fffe06a3:P)
                                          0003(fffe0957:P)
                 _g_s2_enable_write
                                 00000438 0003(fffe06ab:P)
                                          0003(fffe095f:P)
                 _g_s2_ref_speed_rpm
                                 0000043a 0003(fffe09e1:P)
     SECTION=B
                 _com_f4_kp_speed
                                 00000458 0003(fffe06d5:P)
                                          0003(fffe0834:P)
                 _com_f4_ki_speed
                                 0000045c 0003(fffe06de:P)
                                          0003(fffe0842:P)
                 _com_f4_kp_iq
                                 00000460 0003(fffe06e7:P)
                                          0003(fffe0856:P)
                 _com_f4_ki_iq
                                 00000464 0003(fffe06f0:P)
                                          0003(fffe085e:P)
                 _com_f4_speed_lpf_k
                                 00000468 0003(fffe06f9:P)
                                          0003(fffe0866:P)
                 _com_f4_current_lpf_k
                                 0000046c 0003(fffe0702:P)
                                          0003(fffe087a:P)
                 _com_f4_mtr_rs
                                 00000470 0003(fffe070b:P)
                                          0003(fffe0882:P)
                 _com_f4_mtr_rr
                                 00000474 0003(fffe0714:P)
                                          0003(fffe0896:P)
                 _com_f4_mtr_m
                                 00000478 0003(fffe071d:P)
                                          0003(fffe089e:P)
                 _com_f4_mtr_lls
                                 0000047c 0003(fffe0726:P)
                                          0003(fffe08ac:P)
                 _com_f4_mtr_llr
                                 00000480 0003(fffe072f:P)
                                          0003(fffe08b4:P)
                 _com_f4_offset_lpf_k
                                 00000484 0003(fffe0738:P)
                                          0003(fffe08c2:P)
                 _com_f4_ctrl_ref_id
                                 00000488 0003(fffe0741:P)
                                          0003(fffe08e5:P)
                 _com_f4_boot_id_up_time
                                 0000048c 0003(fffe074a:P)
                                          0003(fffe08f3:P)
                 _com_f4_id_const_time
                                 00000490 0003(fffe0753:P)
                                          0003(fffe0901:P)
                 _com_f4_accel
                                 00000494 0003(fffe075c:P)
                                          0003(fffe0909:P)
                 _com_f4_fluctuation_limit
                                 00000498 0003(fffe0765:P)
                                          0003(fffe0917:P)
                 _com_f4_offset_calc_time
                                 0000049c 0003(fffe0777:P)
                                          0003(fffe0925:P)
                 _com_f4_delay
                                 000004a0 0003(fffe076e:P)
                                          0003(fffe0933:P)
                 _com_f4_voltage_drop
                                 000004a4 0003(fffe0780:P)
                                          0003(fffe0941:P)
                 _com_f4_voltage_drop_k
                                 000004a8 0003(fffe0789:P)
                                          0003(fffe0949:P)
                 _ics_input
                                 000004ac 0003(fffe06cf:P)
                                          0003(fffe0951:P)
                 _g_f4_ref_speed_ad
                                 00000508 0003(fffe09aa:P)
     SECTION=BDTCTABLE
                 _dtc_table
                                 00002000 0003(fffe065c:P)
     SECTION=BEnd_of_RAM
                 _dummy_ram
                                 00002ffc
     SECTION=P
                 _main
                                 fffe063b 0007(fffe0024:PResetPRG)
0004 mtr_3im_less_foc
     SECTION=B_1
                 _g_u1_mode_system
                                 00000407 0004(fffe09ec:P)
                                          0004(fffe09f8:P)
                                          0004(fffe0a46:P)
                                          0004(fffe0a76:P)
                                          0004(fffe1258:P)
                                          0004(fffe13ec:P)
                                          0005(fffe16b9:P)
                                          0005(fffe1772:P)
                                          0005(fffe198a:P)
                                          0005(fffe1a20:P)
                 _g_u1_error_status
                                 00000408 0004(fffe0a02:P)
                                          0004(fffe0a8f:P)
                                          0004(fffe1276:P)
                                          0005(fffe14e3:P)
                 _g_u1_cnt_ics
                                 00000409 0004(fffe0a97:P)
                                          0005(fffe19cb:P)
                 _g_u1_direction
                                 0000040a 0004(fffe0c53:P)
                                          0004(fffe1236:P)
                                          0004(fffe124f:P)
                                          0005(fffe1a35:P)
                 _g_u1_enable_write
                                 0000040b 0004(fffe0c63:P)
                                          0004(fffe122c:P)
                                          0005(fffe19e4:P)
                 _g_u1_flag_id_ref
                                 0000040c 0004(fffe0c83:P)
                                          0004(fffe0ef3:P)
                                          0004(fffe0fd7:P)
                                          0004(fffe1449:P)
                                          0005(fffe1a8b:P)
                 _g_u1_dir_buff
                                 0000040d 0004(fffe0c5b:P)
                                          0004(fffe1055:P)
                 _g_u1_flag_iq_ref
                                 0000040e 0004(fffe0c8b:P)
                                          0004(fffe0efb:P)
                                          0004(fffe0fdf:P)
                                          0004(fffe13c1:P)
                 _g_u1_flag_offset_calc
                                 0000040f 0004(fffe0d34:P)
                                          0004(fffe0e19:P)
                 _g_u1_flag_speed_ref
                                 00000410 0004(fffe0c93:P)
                                          0004(fffe0f03:P)
                                          0004(fffe0fe7:P)
                                          0004(fffe1302:P)
     SECTION=B_2
                 _g_u2_run_mode
                                 0000043c 0004(fffe0a7e:P)
                                          0004(fffe0e21:P)
                                          0004(fffe0f2e:P)
                                          0004(fffe131b:P)
                                          0004(fffe13dc:P)
                                          0005(fffe1a50:P)
                 _g_u2_ctrl_mode
                                 0000043e 0004(fffe0a86:P)
                                          0004(fffe0e52:P)
                                          0004(fffe0f36:P)
                 _g_u2_cnt_adjust
                                 00000440 0004(fffe0c6b:P)
                                          0004(fffe0e10:P)
                                          0005(fffe1531:P)
                                          0005(fffe1a6c:P)
                 _g_u2_cnt_id_const
                                 00000442 0004(fffe0da6:P)
                                          0004(fffe0f23:P)
                                          0004(fffe1007:P)
                                          0004(fffe1486:P)
     SECTION=B
                 _g_f4_vdc_ad
                                 0000050c 0004(fffe0a9f:P)
                                          0004(fffe12b4:P)
                                          0005(fffe1512:P)
                                          0005(fffe164a:P)
                                          0005(fffe1934:P)
                                          0005(fffe19a3:P)
                                          0012(fffe2074:P)
                 _g_f4_vd_ref
                                 00000510 0004(fffe0aa7:P)
                                          0004(fffe0e6b:P)
                                          0004(fffe0f4f:P)
                                          0005(fffe177a:P)
                 _g_f4_vq_ref
                                 00000514 0004(fffe0aaf:P)
                                          0004(fffe0e73:P)
                                          0004(fffe0f57:P)
                                          0005(fffe1782:P)
                 _g_f4_iu_ad
                                 00000518 0004(fffe0ab7:P)
                                          0004(fffe1261:P)
                                          0005(fffe1504:P)
                                          0012(fffe2086:P)
                 _g_f4_pre_iu_ad
                                 0000051c 0004(fffe0abf:P)
                                          0005(fffe156c:P)
                 _g_f4_iv_ad
                                 00000520 0004(fffe0ac7:P)
                                          0004(fffe1286:P)
                                          0005(fffe14fe:P)
                                          0012(fffe2080:P)
                 _g_f4_pre_iv_ad
                                 00000524 0004(fffe0acf:P)
                                          0005(fffe15a2:P)
                 _g_f4_iw_ad
                                 00000528 0004(fffe0ad7:P)
                                          0004(fffe129d:P)
                                          0005(fffe14f8:P)
                                          0012(fffe207a:P)
                 _g_f4_pre_iw_ad
                                 0000052c 0004(fffe0adf:P)
                                          0005(fffe15bb:P)
                 _g_f4_offset_iu
                                 00000530 0004(fffe0ae7:P)
                                          0005(fffe1542:P)
                 _g_f4_offset_iv
                                 00000534 0004(fffe0aef:P)
                                          0005(fffe155a:P)
                 _g_f4_offset_iw
                                 00000538 0004(fffe0af7:P)
                                          0005(fffe1560:P)
                 _g_f4_id_lpf
                                 0000053c 0004(fffe0aff:P)
                                          0005(fffe1691:P)
                 _g_f4_iq_lpf
                                 00000540 0004(fffe0b07:P)
                                          0005(fffe16ae:P)
                 _g_f4_pre_id_lpf
                                 00000544 0004(fffe0b0f:P)
                 _g_f4_pre_iq_lpf
                                 00000548 0004(fffe0b17:P)
                 _g_f4_kp_id
                                 0000054c 0004(fffe0b1f:P)
                                          0005(fffe16ea:P)
                 _g_f4_ki_id
                                 00000550 0004(fffe0b2d:P)
                                          0005(fffe16f3:P)
                 _g_f4_lim_id
                                 00000554 0004(fffe0b69:P)
                                          0005(fffe16fc:P)
                 _g_f4_ilim_id
                                 00000558 0004(fffe0b87:P)
                                          0005(fffe1705:P)
                 _g_f4_kp_iq
                                 0000055c 0004(fffe0b35:P)
                                          0004(fffe10a4:P)
                                          0005(fffe171f:P)
                 _g_f4_ki_iq
                                 00000560 0004(fffe0b43:P)
                                          0004(fffe10ad:P)
                                          0005(fffe172a:P)
                 _g_f4_lim_rotor_speed_rad
                                 00000564 0004(fffe0b71:P)
                                          0004(fffe1153:P)
                                          0005(fffe1733:P)
                 _g_f4_ilim_rotor_speed_rad
                                 00000568 0004(fffe0b8f:P)
                                          0004(fffe115b:P)
                                          0005(fffe173c:P)
                 _g_f4_id_ref
                                 0000056c 0004(fffe0b9f:P)
                                          0004(fffe0e7b:P)
                                          0004(fffe0f5f:P)
                                          0004(fffe14a7:P)
                                          0005(fffe16d7:P)
                                          0005(fffe1aa7:P)
                 _g_f4_id_ref2
                                 00000570 0004(fffe0ba7:P)
                                          0004(fffe0e83:P)
                                          0004(fffe0f67:P)
                                          0005(fffe16c1:P)
                 _g_f4_iq_ref
                                 00000574 0004(fffe0baf:P)
                                          0004(fffe0e8b:P)
                                          0004(fffe0f6f:P)
                                          0004(fffe143e:P)
                                          0005(fffe16c9:P)
                 _g_f4_ref_stator_speed_rad
                                 00000578 0004(fffe0bb7:P)
                                          0004(fffe0e93:P)
                                          0004(fffe0f77:P)
                                          0005(fffe1767:P)
                 _g_f4_slip_speed_rad
                                 0000057c 0004(fffe0bbf:P)
                                          0004(fffe0e9b:P)
                                          0004(fffe0f7f:P)
                                          0005(fffe175a:P)
                 _g_f4_slip_k
                                 00000580 0004(fffe0bc7:P)
                                          0004(fffe0ea3:P)
                                          0004(fffe0f87:P)
                                          0005(fffe1752:P)
                                          0005(fffe1ab6:P)
                 _g_f4_speed_rad
                                 00000584 0004(fffe0bcf:P)
                                          0004(fffe0edb:P)
                                          0004(fffe0fbf:P)
                                          0004(fffe123f:P)
                                          0004(fffe12e0:P)
                                          0005(fffe16cf:P)
                                          0005(fffe1a0a:P)
                 _g_f4_ref_speed_rad_pi
                                 00000588 0004(fffe0bd7:P)
                                          0004(fffe0ee3:P)
                                          0004(fffe0fc7:P)
                                          0004(fffe13b6:P)
                                          0005(fffe1a18:P)
                 _g_f4_ref_speed_rad
                                 0000058c 0004(fffe0bdf:P)
                                          0004(fffe108a:P)
                                          0004(fffe132b:P)
                 _g_f4_angle_rad
                                 00000590 0004(fffe0be7:P)
                                          0004(fffe0eeb:P)
                                          0004(fffe0fcf:P)
                                          0005(fffe1652:P)
                 _g_f4_refu
                                 00000594 0004(fffe0c07:P)
                                          0004(fffe0ec3:P)
                                          0004(fffe0fa7:P)
                                          0005(fffe1855:P)
                 _g_f4_refv
                                 00000598 0004(fffe0c0f:P)
                                          0004(fffe0ecb:P)
                                          0004(fffe0faf:P)
                                          0005(fffe18a4:P)
                 _g_f4_refw
                                 0000059c 0004(fffe0c17:P)
                                          0004(fffe0ed3:P)
                                          0004(fffe0fb7:P)
                                          0005(fffe18c2:P)
                 _g_f4_inv_limit
                                 000005a0 0004(fffe0c1f:P)
                                          0005(fffe193c:P)
                 _g_f4_speed_lpf_k
                                 000005a4 0004(fffe0c2b:P)
                                          0004(fffe10b6:P)
                 _g_f4_current_lpf_k
                                 000005a8 0004(fffe0c3d:P)
                                          0004(fffe10bf:P)
                                          0005(fffe157b:P)
                 _g_f4_offset_lpf_k
                                 000005ac 0004(fffe0c4b:P)
                                          0004(fffe10db:P)
                                          0005(fffe15d6:P)
                 _g_f4_temp_speed_rad
                                 000005b0 0004(fffe0c9b:P)
                                          0004(fffe1375:P)
                                          0004(fffe1400:P)
                                          0005(fffe1a04:P)
                 _g_f4_temp_ref_speed_rad
                                 000005b4 0004(fffe0ca3:P)
                                          0004(fffe130a:P)
                                          0004(fffe13f8:P)
                                          0005(fffe1a12:P)
                 _g_f4_angle_compensation
                                 000005b8 0004(fffe0cab:P)
                                          0004(fffe1197:P)
                                          0005(fffe17c1:P)
                 _g_f4_offset_calc_time
                                 000005bc 0004(fffe0cb7:P)
                                          0004(fffe0e31:P)
                                          0004(fffe11a8:P)
                                          0005(fffe1520:P)
                                          0005(fffe1a64:P)
                 _g_f4_voltage_drop
                                 000005c0 0004(fffe0ccb:P)
                                          0004(fffe11b1:P)
                                          0005(fffe18d9:P)
                 _g_f4_voltage_drop_k
                                 000005c4 0004(fffe0cd7:P)
                                          0004(fffe11ba:P)
                                          0005(fffe18d1:P)
                 _g_f4_modu
                                 000005c8 0004(fffe0cdf:P)
                                          0004(fffe0f0b:P)
                                          0004(fffe0fef:P)
                                          0004(fffe14ba:P)
                                          0005(fffe19af:P)
                 _g_f4_modv
                                 000005cc 0004(fffe0ce7:P)
                                          0004(fffe0f13:P)
                                          0004(fffe0ff7:P)
                                          0004(fffe14c5:P)
                                          0005(fffe19b7:P)
                 _g_f4_modw
                                 000005d0 0004(fffe0cef:P)
                                          0004(fffe0f1b:P)
                                          0004(fffe0fff:P)
                                          0004(fffe14d0:P)
                                          0005(fffe19bf:P)
                 _rotor_speed
                                 000005d4 0004(fffe0d05:P)
                                          0004(fffe0eb3:P)
                                          0004(fffe0f97:P)
                                          0005(fffe1716:P)
                 _id_ACR
                                 000005ec 0004(fffe0cf7:P)
                                          0004(fffe0eab:P)
                                          0004(fffe0f8f:P)
                                          0005(fffe16e2:P)
                 _mtr_p
                                 00000604 0004(fffe0d45:P)
                                          0004(fffe10c8:P)
                                          0005(fffe178a:P)
                                          0005(fffe1ac3:P)
                 _g_f4_kp_speed
                                 00000628 0004(fffe0b4b:P)
                                          0004(fffe0d29:P)
                                          0004(fffe1092:P)
                                          0004(fffe1411:P)
                 _g_f4_ki_speed
                                 0000062c 0004(fffe0b57:P)
                                          0004(fffe109b:P)
                                          0004(fffe141a:P)
                 _g_f4_lim_iq
                                 00000630 0004(fffe0b7f:P)
                                          0004(fffe1423:P)
                 _g_f4_ilim_iq
                                 00000634 0004(fffe0b97:P)
                                          0004(fffe142c:P)
                 _g_f4_max_speed_rad
                                 00000638 0004(fffe0bef:P)
                                          0004(fffe10e5:P)
                                          0004(fffe139d:P)
                 _g_f4_min_speed_rad
                                 0000063c 0004(fffe0bfb:P)
                                          0004(fffe1125:P)
                 _g_f4_id_ref_buff
                                 00000640 0004(fffe0c73:P)
                                          0004(fffe0e5b:P)
                                          0004(fffe0f3f:P)
                                          0004(fffe1451:P)
                 _g_f4_iq_ref_buff
                                 00000644 0004(fffe0c7b:P)
                                          0004(fffe0e63:P)
                                          0004(fffe0f47:P)
                                          0004(fffe13cd:P)
                 _g_f4_boot_id_up_step
                                 00000648 0004(fffe0d82:P)
                                          0004(fffe116b:P)
                                          0004(fffe146b:P)
                 _g_f4_fluctuation_limit
                                 0000064c 0004(fffe0d8e:P)
                                          0004(fffe118e:P)
                                          0004(fffe137d:P)
                 _g_f4_ctrl_ref_id
                                 00000650 0004(fffe0d9a:P)
                                          0004(fffe1163:P)
                                          0004(fffe1459:P)
                 _g_f4_id_const_time
                                 00000654 0004(fffe0dae:P)
                                          0004(fffe1174:P)
                                          0004(fffe148e:P)
                 _g_f4_accel
                                 00000658 0004(fffe0cc3:P)
                                          0004(fffe1185:P)
                                          0004(fffe1333:P)
                 _g_f4_ipm_temperature_ad
                                 0000065c 0004(fffe0dba:P)
                 _speed
                                 00000660 0004(fffe0d1b:P)
                                          0004(fffe0ebb:P)
                                          0004(fffe0f9f:P)
                                          0004(fffe1409:P)
                 _ics_input_buff
                                 00000678 0004(fffe0dc2:P)
                                          0004(fffe105b:P)
                                          0004(fffe11c4:P)
     SECTION=P
                 _R_MTR_InitSequence
                                 fffe09ea 0003(fffe064b:P)
                 _R_MTR_ExecEvent
                                 fffe09f4 0003(fffe066d:P)
                                          0003(fffe07b5:P)
                                          0004(fffe127f:P)
                                          0004(fffe1296:P)
                                          0004(fffe12ad:P)
                                          0004(fffe12c6:P)
                                          0004(fffe12d9:P)
                                          0004(fffe12f6:P)
                                          0005(fffe14de:P)
                 _mtr_pi_ctrl
                                 fffe100e 0004(fffe1434:P)
                                          0005(fffe170d:P)
                                          0005(fffe1744:P)
                 _mtr_set_variables
                                 fffe1053 0005(fffe19ee:P)
                 _R_MTR_IcsInput
                                 fffe11c2 0003(fffe0798:P)
                 _R_MTR_SetDir
                                 fffe1234
                 _R_MTR_GetSpeed
                                 fffe123d
                 _R_MTR_GetDir
                                 fffe124d 0003(fffe06b6:P)
                 _R_MTR_GetStatus
                                 fffe1256 0003(fffe07b9:P)
                 _mtr_error_check
                                 fffe125f
                 _mtr_set_speed_ref
                                 fffe12fe 0005(fffe1a7e:P)
                                          0005(fffe1a9a:P)
                 _mtr_set_iq_ref
                                 fffe13bf 0005(fffe1a82:P)
                                          0005(fffe1a9e:P)
                 _mtr_set_id_ref
                                 fffe1447 0005(fffe1a86:P)
                                          0005(fffe1aa2:P)
                 _mtr_calc_mod
                                 fffe14ae 0005(fffe19aa:P)
     SECTION=C_1
     SECTION=D
     SECTION=R
0005 mtr_interrupt
     SECTION=P
0006 r_init_clock
     SECTION=P
                 _R_INIT_Clock
                                 fffe1ad8 0010(fffe1b78:P)
                 _CGC_oscillation_main
                                 fffe1b0a
                 _CGC_oscillation_PLL
                                 fffe1b2f 0006(fffe1ae9:P)
                 _CGC_oscillation_HOCO
                                 fffe1b41 0006(fffe1ae6:P)
0007 resetprg
     SECTION=PResetPRG
                 _PowerON_Reset_PC
                                 fffe0000 0009(fffffffc:FIXEDVECT)
     SECTION=SI
     SECTION=SU
     SECTION=C$VECT
0008 sbrk
     SECTION=P
                 _sbrk
                                 fffe1b4f
     SECTION=D
     SECTION=B
     SECTION=R
0009 vecttbl
     SECTION=$ADDR_C_FFFFFF80
                 __MDEreg
                                 ffffff80
     SECTION=$ADDR_C_FFFFFF88
                 __OFS1reg
                                 ffffff88
     SECTION=$ADDR_C_FFFFFFA0
                 _id_code
                                 ffffffa0
     SECTION=FIXEDVECT
                 _Fixed_Vectors
                                 ffffffd0
0010 mtr_ctrl_rx13t48
     SECTION=P
                 _R_MTR_InitHardware
                                 fffe1b70 0003(fffe0640:P)
                 _mtr_init_module
                                 fffe1b8c 0010(fffe1b71:P)
                 _mtr_init_cmt
                                 fffe1bb6 0010(fffe1b7c:P)
                 _mtr_init_poe3
                                 fffe1c14 0010(fffe1b83:P)
                 _init_wdt
                                 fffe1c6d 0010(fffe1b8a:P)
                 _clear_wdt
                                 fffe1c92 0003(fffe067c:P)
                 _mtr_clear_oc_flag
                                 fffe1c9e 0005(fffe14eb:P)
                 _mtr_clear_cmt0_flag
                                 fffe1ca6 0005(fffe1acf:P)
0011 mtr_ctrl_rx13t48_t1102
     SECTION=P
                 _mtr_init_mtu
                                 fffe1cae 0010(fffe1b7f:P)
                 _mtr_init_io_port
                                 fffe1dd1 0010(fffe1b74:P)
                 _mtr_init_ad_converter
                                 fffe1e52 0010(fffe1b86:P)
                 _init_ui
                                 fffe1f1b 0003(fffe0644:P)
                 _mtr_ctrl_start
                                 fffe1f63 0004(fffe0a41:P)
                 _mtr_ctrl_stop
                                 fffe1f8f 0004(fffe0a5c:P)
                                          0004(fffe0e02:P)
                 _mtr_get_iuiviwvdc
                                 fffe1fbb 0005(fffe1517:P)
                                          0012(fffe209e:P)
                 _mtr_get_ipm_temperature
                                 fffe1fe3
                 _mtr_clear_mtu4_flag
                                 fffe1feb 0005(fffe19f5:P)
                 _mtr_inv_set_uvw
                                 fffe1ff3 0005(fffe19c6:P)
                 _mtr_init_register
                                 fffe2060 0004(fffe0a60:P)
                                          0004(fffe0e06:P)
0012 mtr_ctrl_t1102
     SECTION=P
                 _R_MTR_ChargeCapacitor
                                 fffe2070 0003(fffe0673:P)
                 _ic_gate_on
                                 fffe20b0
                 _led1_on
                                 fffe20b8 0003(fffe07ee:P)
                 _led2_on
                                 fffe20c0 0003(fffe0802:P)
                 _led1_off
                                 fffe20c8 0003(fffe07e0:P)
                                          0003(fffe07fc:P)
                 _led2_off
                                 fffe20d0 0003(fffe07e6:P)
                                          0003(fffe07f4:P)
                 _get_sw1
                                 fffe20d8
                 _get_sw2
                                 fffe20e4
                 _get_sw3
                                 fffe20f0
                 _get_vr1
                                 fffe20fa
0013 cosf
     SECTION=P
                 _cosl
                                 fffe2102
                 _cos
                                 fffe2102
                 _cosf
                                 fffe2102 0005(fffe1662:P)
                                          0005(fffe17fc:P)
0014 sinf
     SECTION=P
                 _sinl
                                 fffe2132
                 _sin
                                 fffe2132
                 _sinf
                                 fffe2132 0005(fffe166a:P)
                                          0005(fffe1804:P)
0015 copysignf
     SECTION=P
                 _copysignl
                                 fffe216f
                 _copysign
                                 fffe216f
                 _copysignf
                                 fffe216f 0004(fffe1033:P)
                                          0004(fffe104b:P)
                                          0004(fffe133d:P)
                                          0004(fffe13af:P)
                                          0005(fffe18ee:P)
                                          0005(fffe190b:P)
                                          0005(fffe1928:P)
                                          0005(fffe1959:P)
                                          0005(fffe196e:P)
                                          0005(fffe1983:P)
0016 __initsct
     SECTION=P
                 __INITSCT
                                 fffe2185 0007(fffe0018:PResetPRG)
     SECTION=C$BSEC
     SECTION=C$DSEC
0017 ICS2_RX13T
     SECTION=P
                 _ics_int_sci_rxi
                                 fffe227f 0002(fffe060e:PIntPRG)
                 _ics2_watchpoint
                                 fffe24c9 0005(fffe19df:P)
                 _ics2_init
                                 fffe2910 0003(fffe0663:P)
                 _ics2_version
                                 fffe2c10
                 _ics_int_sci_eri
                                 fffe2c16 0002(fffe0600:PIntPRG)
                                          0017(fffe28df:P)
     SECTION=D_2
     SECTION=D_1
     SECTION=B
     SECTION=B_2
     SECTION=B_1
     SECTION=W
     SECTION=W_1
     SECTION=W_2
     SECTION=R_1
     SECTION=R_2
0018 sincosfsub
     SECTION=P
                 ___poly_sinf
                                 fffe2c4d 0014(fffe2155:P)
                                          0018(fffe2cb1:P)
                                          0018(00000ba0:R)
                 ___poly_cosf
                                 fffe2c7e 0013(fffe2127:P)
                                          0018(fffe2ca7:P)
                                          0018(00000ba4:R)
                 ___internal_sincosf
                                 fffe2ce3 0013(fffe212f:P)
                                          0014(fffe2166:P)
                                          0014(fffe216c:P)
     SECTION=D
     SECTION=R
0019 fmodf
     SECTION=P
                 _fmodl
                                 fffe2d35
                 _fmod
                                 fffe2d35
                 _fmodf
                                 fffe2d35 0018(fffe2cdc:P)
0020 nanfval
     SECTION=P
                 ___nanf_value
                                 fffe2d64 0018(fffe2cd2:P)
0021 _errno
     SECTION=B
                 __errno
                                 00000b3c 0018(fffe2cc8:P)
                                          0019(fffe2d55:P)
0022 _i_fmds
     SECTION=P
                 __in_fmods
                                 fffe2d6b 0019(fffe2d3a:P)
0023 floatval
     SECTION=C
                 __FLT_MAX_VAL
                                 fffe006c 0022(fffe2dd6:P)
                 __FLT_MIN_VAL
                                 fffe0070
                 __DBL_MAX_VAL
                                 fffe0074
                 __DBL_MIN_VAL
                                 fffe007c
                 __LDBL_MAX_VAL
                                 fffe0084
                 __LDBL_MIN_VAL
                                 fffe008c
0024 _const
     SECTION=C
                 __IFNAND
                                 fffe0094
                 __IFINFD
                                 fffe009c
                 __NIFINFD
                                 fffe00a4
                 __IFNANS
                                 fffe00ac 0022(fffe2e31:P)
                 __IFINFS
                                 fffe00b0
                 __NIFINFS
                                 fffe00b4
